Change Component Designator: OldDesignator=C5_IN1 NewDesignator=C51
Change Component Designator: OldDesignator=C5_IN2 NewDesignator=C52
Change Component Designator: OldDesignator=C5_IN3 NewDesignator=C53
Change Component Designator: OldDesignator=C5_IN4 NewDesignator=C54
Change Component Designator: OldDesignator=C5_IN5 NewDesignator=C55
Change Component Designator: OldDesignator=C5_IN6 NewDesignator=C56
Change Component Designator: OldDesignator=C5_IN7 NewDesignator=C57
Change Component Designator: OldDesignator=C5_IN8 NewDesignator=C58
Change Component Designator: OldDesignator=D9_IN1 NewDesignator=D91
Change Component Designator: OldDesignator=D9_IN2 NewDesignator=D92
Change Component Designator: OldDesignator=D9_IN3 NewDesignator=D93
Change Component Designator: OldDesignator=D9_IN4 NewDesignator=D94
Change Component Designator: OldDesignator=D9_IN5 NewDesignator=D95
Change Component Designator: OldDesignator=D9_IN6 NewDesignator=D96
Change Component Designator: OldDesignator=D9_IN7 NewDesignator=D97
Change Component Designator: OldDesignator=D9_IN8 NewDesignator=D98
Change Component Designator: OldDesignator=D10_R1 NewDesignator=D101
Change Component Designator: OldDesignator=D10_R2 NewDesignator=D102
Change Component Designator: OldDesignator=D10_R3 NewDesignator=D103
Change Component Designator: OldDesignator=D10_R4 NewDesignator=D104
Change Component Designator: OldDesignator=D10_R5 NewDesignator=D105
Change Component Designator: OldDesignator=D10_R6 NewDesignator=D106
Change Component Designator: OldDesignator=D10_R7 NewDesignator=D107
Change Component Designator: OldDesignator=D10_R8 NewDesignator=D108
Change Component Designator: OldDesignator=IC1_IN1 NewDesignator=IC11
Change Component Designator: OldDesignator=IC1_IN2 NewDesignator=IC12
Change Component Designator: OldDesignator=IC1_IN3 NewDesignator=IC13
Change Component Designator: OldDesignator=IC1_IN4 NewDesignator=IC14
Change Component Designator: OldDesignator=IC1_IN5 NewDesignator=IC15
Change Component Designator: OldDesignator=IC1_IN6 NewDesignator=IC16
Change Component Designator: OldDesignator=IC1_IN7 NewDesignator=IC17
Change Component Designator: OldDesignator=IC1_IN8 NewDesignator=IC18
Change Component Designator: OldDesignator=K1_IN1 NewDesignator=K11
Change Component Designator: OldDesignator=K1_IN2 NewDesignator=K12
Change Component Designator: OldDesignator=K1_IN3 NewDesignator=K13
Change Component Designator: OldDesignator=K1_IN4 NewDesignator=K14
Change Component Designator: OldDesignator=K1_IN5 NewDesignator=K15
Change Component Designator: OldDesignator=K1_IN6 NewDesignator=K16
Change Component Designator: OldDesignator=K1_IN7 NewDesignator=K17
Change Component Designator: OldDesignator=K1_IN8 NewDesignator=K18
Change Component Designator: OldDesignator=K2_R1 NewDesignator=K21
Change Component Designator: OldDesignator=K2_R2 NewDesignator=K22
Change Component Designator: OldDesignator=K2_R3 NewDesignator=K23
Change Component Designator: OldDesignator=K2_R4 NewDesignator=K24
Change Component Designator: OldDesignator=K2_R5 NewDesignator=K25
Change Component Designator: OldDesignator=K2_R6 NewDesignator=K26
Change Component Designator: OldDesignator=K2_R7 NewDesignator=K27
Change Component Designator: OldDesignator=K2_R8 NewDesignator=K28
Change Component Designator: OldDesignator=R21_IN1 NewDesignator=R211
Change Component Designator: OldDesignator=R21_IN2 NewDesignator=R212
Change Component Designator: OldDesignator=R21_IN3 NewDesignator=R213
Change Component Designator: OldDesignator=R21_IN4 NewDesignator=R214
Change Component Designator: OldDesignator=R21_IN5 NewDesignator=R215
Change Component Designator: OldDesignator=R21_IN6 NewDesignator=R216
Change Component Designator: OldDesignator=R21_IN7 NewDesignator=R217
Change Component Designator: OldDesignator=R21_IN8 NewDesignator=R218
Change Component Designator: OldDesignator=R22_IN1 NewDesignator=R221
Change Component Designator: OldDesignator=R22_IN2 NewDesignator=R222
Change Component Designator: OldDesignator=R22_IN3 NewDesignator=R223
Change Component Designator: OldDesignator=R22_IN4 NewDesignator=R224
Change Component Designator: OldDesignator=R22_IN5 NewDesignator=R225
Change Component Designator: OldDesignator=R22_IN6 NewDesignator=R226
Change Component Designator: OldDesignator=R22_IN7 NewDesignator=R227
Change Component Designator: OldDesignator=R22_IN8 NewDesignator=R228
Change Component Designator: OldDesignator=R23_IN1 NewDesignator=R231
Change Component Designator: OldDesignator=R23_IN2 NewDesignator=R232
Change Component Designator: OldDesignator=R23_IN3 NewDesignator=R233
Change Component Designator: OldDesignator=R23_IN4 NewDesignator=R234
Change Component Designator: OldDesignator=R23_IN5 NewDesignator=R235
Change Component Designator: OldDesignator=R23_IN6 NewDesignator=R236
Change Component Designator: OldDesignator=R23_IN7 NewDesignator=R237
Change Component Designator: OldDesignator=R23_IN8 NewDesignator=R238
Change Component Designator: OldDesignator=R24_R1 NewDesignator=R241
Change Component Designator: OldDesignator=R24_R2 NewDesignator=R242
Change Component Designator: OldDesignator=R24_R3 NewDesignator=R243
Change Component Designator: OldDesignator=R24_R4 NewDesignator=R244
Change Component Designator: OldDesignator=R24_R5 NewDesignator=R245
Change Component Designator: OldDesignator=R24_R6 NewDesignator=R246
Change Component Designator: OldDesignator=R24_R7 NewDesignator=R247
Change Component Designator: OldDesignator=R24_R8 NewDesignator=R248
Change Component Designator: OldDesignator=RL1_R1 NewDesignator=RL11
Change Component Designator: OldDesignator=RL1_R2 NewDesignator=RL12
Change Component Designator: OldDesignator=RL1_R3 NewDesignator=RL13
Change Component Designator: OldDesignator=RL1_R4 NewDesignator=RL14
Change Component Designator: OldDesignator=RL1_R5 NewDesignator=RL15
Change Component Designator: OldDesignator=RL1_R6 NewDesignator=RL16
Change Component Designator: OldDesignator=RL1_R7 NewDesignator=RL17
Change Component Designator: OldDesignator=RL1_R8 NewDesignator=RL18
Change Component Designator: OldDesignator=U5_IN1 NewDesignator=U51
Change Component Designator: OldDesignator=U5_IN2 NewDesignator=U52
Change Component Designator: OldDesignator=U5_IN3 NewDesignator=U53
Change Component Designator: OldDesignator=U5_IN4 NewDesignator=U54
Change Component Designator: OldDesignator=U5_IN5 NewDesignator=U55
Change Component Designator: OldDesignator=U5_IN6 NewDesignator=U56
Change Component Designator: OldDesignator=U5_IN7 NewDesignator=U57
Change Component Designator: OldDesignator=U5_IN8 NewDesignator=U58
Change Net Name : Old Net Name=IN_IN1_N New Net Name=IN1_N
Change Net Name : Old Net Name=IN_IN2_N New Net Name=IN2_N
Change Net Name : Old Net Name=IN_IN3_N New Net Name=IN3_N
Change Net Name : Old Net Name=IN_IN4_N New Net Name=IN4_N
Change Net Name : Old Net Name=IN_IN5_N New Net Name=IN5_N
Change Net Name : Old Net Name=IN_IN6_N New Net Name=IN6_N
Change Net Name : Old Net Name=IN_IN7_N New Net Name=IN7_N
Change Net Name : Old Net Name=IN_IN8_N New Net Name=IN8_N
Change Net Name : Old Net Name=IN_L_IN1 New Net Name=IN_L1
Change Net Name : Old Net Name=IN_L_IN2 New Net Name=IN_L2
Change Net Name : Old Net Name=IN_L_IN3 New Net Name=IN_L3
Change Net Name : Old Net Name=IN_L_IN4 New Net Name=IN_L4
Change Net Name : Old Net Name=IN_L_IN5 New Net Name=IN_L5
Change Net Name : Old Net Name=IN_L_IN6 New Net Name=IN_L6
Change Net Name : Old Net Name=IN_L_IN7 New Net Name=IN_L7
Change Net Name : Old Net Name=IN_L_IN8 New Net Name=IN_L8
Change Net Name : Old Net Name=IN_R1 New Net Name=IN1
Change Net Name : Old Net Name=IN_R2 New Net Name=IN2
Change Net Name : Old Net Name=IN_R3 New Net Name=IN3
Change Net Name : Old Net Name=IN_R4 New Net Name=IN4
Change Net Name : Old Net Name=IN_R5 New Net Name=IN5
Change Net Name : Old Net Name=IN_R6 New Net Name=IN6
Change Net Name : Old Net Name=IN_R7 New Net Name=IN7
Change Net Name : Old Net Name=IN_R8 New Net Name=IN8
Change Net Name : Old Net Name=NetD9_IN1_A New Net Name=NetD91_A
Change Net Name : Old Net Name=NetD9_IN2_A New Net Name=NetD92_A
Change Net Name : Old Net Name=NetD9_IN3_A New Net Name=NetD93_A
Change Net Name : Old Net Name=NetD9_IN4_A New Net Name=NetD94_A
Change Net Name : Old Net Name=NetD9_IN5_A New Net Name=NetD95_A
Change Net Name : Old Net Name=NetD9_IN6_A New Net Name=NetD96_A
Change Net Name : Old Net Name=NetD9_IN7_A New Net Name=NetD97_A
Change Net Name : Old Net Name=NetD9_IN8_A New Net Name=NetD98_A
Change Net Name : Old Net Name=NetD10_R1_A New Net Name=NetD101_A
Change Net Name : Old Net Name=NetD10_R2_A New Net Name=NetD102_A
Change Net Name : Old Net Name=NetD10_R3_A New Net Name=NetD103_A
Change Net Name : Old Net Name=NetD10_R4_A New Net Name=NetD104_A
Change Net Name : Old Net Name=NetD10_R5_A New Net Name=NetD105_A
Change Net Name : Old Net Name=NetD10_R6_A New Net Name=NetD106_A
Change Net Name : Old Net Name=NetD10_R7_A New Net Name=NetD107_A
Change Net Name : Old Net Name=NetD10_R8_A New Net Name=NetD108_A
Change Net Name : Old Net Name=NetIC1_IN1_1 New Net Name=NetIC11_1
Change Net Name : Old Net Name=NetIC1_IN1_2 New Net Name=NetIC11_2
Change Net Name : Old Net Name=NetIC1_IN2_1 New Net Name=NetIC12_1
Change Net Name : Old Net Name=NetIC1_IN2_2 New Net Name=NetIC12_2
Change Net Name : Old Net Name=NetIC1_IN3_1 New Net Name=NetIC13_1
Change Net Name : Old Net Name=NetIC1_IN3_2 New Net Name=NetIC13_2
Change Net Name : Old Net Name=NetIC1_IN4_1 New Net Name=NetIC14_1
Change Net Name : Old Net Name=NetIC1_IN4_2 New Net Name=NetIC14_2
Change Net Name : Old Net Name=NetIC1_IN5_1 New Net Name=NetIC15_1
Change Net Name : Old Net Name=NetIC1_IN5_2 New Net Name=NetIC15_2
Change Net Name : Old Net Name=NetIC1_IN6_1 New Net Name=NetIC16_1
Change Net Name : Old Net Name=NetIC1_IN6_2 New Net Name=NetIC16_2
Change Net Name : Old Net Name=NetIC1_IN7_1 New Net Name=NetIC17_1
Change Net Name : Old Net Name=NetIC1_IN7_2 New Net Name=NetIC17_2
Change Net Name : Old Net Name=NetIC1_IN8_1 New Net Name=NetIC18_1
Change Net Name : Old Net Name=NetIC1_IN8_2 New Net Name=NetIC18_2
Change Net Name : Old Net Name=NetR23_IN1_1 New Net Name=NetR231_1
Change Net Name : Old Net Name=NetR23_IN2_1 New Net Name=NetR232_1
Change Net Name : Old Net Name=NetR23_IN3_1 New Net Name=NetR233_1
Change Net Name : Old Net Name=NetR23_IN4_1 New Net Name=NetR234_1
Change Net Name : Old Net Name=NetR23_IN5_1 New Net Name=NetR235_1
Change Net Name : Old Net Name=NetR23_IN6_1 New Net Name=NetR236_1
Change Net Name : Old Net Name=NetR23_IN7_1 New Net Name=NetR237_1
Change Net Name : Old Net Name=NetR23_IN8_1 New Net Name=NetR238_1
Change Net Name : Old Net Name=NO_R1 New Net Name=NO1
Change Net Name : Old Net Name=NO_R2 New Net Name=NO2
Change Net Name : Old Net Name=NO_R3 New Net Name=NO3
Change Net Name : Old Net Name=NO_R4 New Net Name=NO4
Change Net Name : Old Net Name=NO_R5 New Net Name=NO5
Change Net Name : Old Net Name=NO_R6 New Net Name=NO6
Change Net Name : Old Net Name=NO_R7 New Net Name=NO7
Change Net Name : Old Net Name=NO_R8 New Net Name=NO8
